
[2026-05-14T17:08:38.371Z]
Archivo: MAMOGRAFIA 2026.xlsx
Hoja: ABR
Fila: 329
Error: value too long for type character varying(10)


[2026-05-14T17:08:57.284Z]
Archivo: MAMOGRAFIA 2026.xlsx
Hoja: ABR
Fila: 330
Error: value too long for type character varying(10)


[2026-05-14T17:09:16.118Z]
Archivo: MAMOGRAFIA 2026.xlsx
Hoja: ABR
Fila: 331
Error: value too long for type character varying(10)


[2026-05-14T17:09:35.534Z]
Archivo: MAMOGRAFIA 2026.xlsx
Hoja: ABR
Fila: 332
Error: value too long for type character varying(10)


[2026-05-14T17:14:19.868Z]
Archivo: MAMOGRAFIA 2026.xlsx
Hoja: MAR
Fila: 131
Error: DNI inválido: null (original: 249794)


[2026-05-14T17:14:20.393Z]
Archivo: MAMOGRAFIA 2026.xlsx
Hoja: MAR
Fila: 177
Error: Establecimiento no encontrado: PS PAMPA LIBRE


[2026-05-14T17:14:20.966Z]
Archivo: MAMOGRAFIA 2026.xlsx
Hoja: MAR
Fila: 312
Error: Establecimiento vacío


[2026-05-14T17:14:20.966Z]
Archivo: MAMOGRAFIA 2026.xlsx
Hoja: MAR
Fila: 315
Error: Establecimiento vacío


[2026-05-14T17:14:20.966Z]
Archivo: MAMOGRAFIA 2026.xlsx
Hoja: MAR
Fila: 316
Error: Establecimiento vacío


[2026-05-14T17:14:20.967Z]
Archivo: MAMOGRAFIA 2026.xlsx
Hoja: MAR
Fila: 324
Error: Establecimiento vacío


[2026-05-14T17:14:20.967Z]
Archivo: MAMOGRAFIA 2026.xlsx
Hoja: MAR
Fila: 326
Error: Establecimiento vacío


[2026-05-14T17:14:20.967Z]
Archivo: MAMOGRAFIA 2026.xlsx
Hoja: MAR
Fila: 328
Error: Establecimiento vacío


[2026-05-14T17:14:20.968Z]
Archivo: MAMOGRAFIA 2026.xlsx
Hoja: MAR
Fila: 334
Error: Establecimiento no encontrado: P.S LAURIAMA


[2026-05-14T17:14:20.968Z]
Archivo: MAMOGRAFIA 2026.xlsx
Hoja: MAR
Fila: 338
Error: Establecimiento no encontrado: PS LIMONCILLO


[2026-05-14T17:14:20.968Z]
Archivo: MAMOGRAFIA 2026.xlsx
Hoja: MAR
Fila: 348
Error: Establecimiento no encontrado: PS CHIU CHIU


[2026-05-14T17:14:21.813Z]
Archivo: MAMOGRAFIA 2026.xlsx
Hoja: MAR
Fila: 421
Error: Establecimiento no encontrado: P.S LAURIAMA


[2026-05-14T17:14:21.814Z]
Archivo: MAMOGRAFIA 2026.xlsx
Hoja: MAR
Fila: 428
Error: Establecimiento no encontrado: P.S TUNAN


[2026-05-14T17:14:21.814Z]
Archivo: MAMOGRAFIA 2026.xlsx
Hoja: MAR
Fila: 429
Error: Establecimiento no encontrado: PS. TUNAN


[2026-05-14T17:14:21.814Z]
Archivo: MAMOGRAFIA 2026.xlsx
Hoja: MAR
Fila: 430
Error: Establecimiento no encontrado: P.S TUNAN


[2026-05-14T17:14:21.814Z]
Archivo: MAMOGRAFIA 2026.xlsx
Hoja: MAR
Fila: 431
Error: Establecimiento no encontrado: P.S TUNAN


[2026-05-14T17:14:21.814Z]
Archivo: MAMOGRAFIA 2026.xlsx
Hoja: MAR
Fila: 432
Error: Establecimiento no encontrado: P.S TUNAN


[2026-05-14T17:14:21.814Z]
Archivo: MAMOGRAFIA 2026.xlsx
Hoja: MAR
Fila: 433
Error: Establecimiento no encontrado: P.S TUNAN


[2026-05-14T17:14:21.814Z]
Archivo: MAMOGRAFIA 2026.xlsx
Hoja: MAR
Fila: 434
Error: Establecimiento no encontrado: P.S TUNAN


[2026-05-14T17:14:21.814Z]
Archivo: MAMOGRAFIA 2026.xlsx
Hoja: MAR
Fila: 435
Error: Establecimiento no encontrado: P.S TUNAN


[2026-05-14T17:14:21.814Z]
Archivo: MAMOGRAFIA 2026.xlsx
Hoja: MAR
Fila: 436
Error: Establecimiento no encontrado: P.S TUNAN


[2026-05-14T17:14:21.814Z]
Archivo: MAMOGRAFIA 2026.xlsx
Hoja: MAR
Fila: 437
Error: Establecimiento no encontrado: P.S TUNAN


[2026-05-14T17:14:21.814Z]
Archivo: MAMOGRAFIA 2026.xlsx
Hoja: MAR
Fila: 438
Error: Establecimiento no encontrado: P.S TUNAN


[2026-05-14T17:14:21.814Z]
Archivo: MAMOGRAFIA 2026.xlsx
Hoja: MAR
Fila: 439
Error: Establecimiento no encontrado: P.S TUNAN


[2026-05-14T17:14:21.814Z]
Archivo: MAMOGRAFIA 2026.xlsx
Hoja: MAR
Fila: 440
Error: Establecimiento no encontrado: P.S TUNAN


[2026-05-14T17:14:21.814Z]
Archivo: MAMOGRAFIA 2026.xlsx
Hoja: MAR
Fila: 441
Error: Establecimiento no encontrado: P.S TUNAN


[2026-05-14T17:14:21.814Z]
Archivo: MAMOGRAFIA 2026.xlsx
Hoja: MAR
Fila: 442
Error: Establecimiento no encontrado: P.S TUNAN


[2026-05-14T17:14:21.815Z]
Archivo: MAMOGRAFIA 2026.xlsx
Hoja: MAR
Fila: 444
Error: Establecimiento no encontrado: P.S TUNAN


[2026-05-14T17:14:21.815Z]
Archivo: MAMOGRAFIA 2026.xlsx
Hoja: MAR
Fila: 445
Error: Establecimiento no encontrado: P.S TUNAN


[2026-05-14T17:14:21.815Z]
Archivo: MAMOGRAFIA 2026.xlsx
Hoja: MAR
Fila: 453
Error: Establecimiento no encontrado: P.S LAURIAMA


[2026-05-14T17:14:21.815Z]
Archivo: MAMOGRAFIA 2026.xlsx
Hoja: MAR
Fila: 475
Error: Establecimiento no encontrado: C.S LAURIAMA


[2026-05-14T17:14:21.815Z]
Archivo: MAMOGRAFIA 2026.xlsx
Hoja: MAR
Fila: 483
Error: Establecimiento no encontrado: P. S HUAYTO


[2026-05-14T17:14:21.816Z]
Archivo: MAMOGRAFIA 2026.xlsx
Hoja: MAR
Fila: 484
Error: Establecimiento no encontrado: P. S HUAYTO


[2026-05-14T17:14:21.816Z]
Archivo: MAMOGRAFIA 2026.xlsx
Hoja: MAR
Fila: 485
Error: Establecimiento no encontrado: P. S HUAYTO


[2026-05-14T17:14:21.816Z]
Archivo: MAMOGRAFIA 2026.xlsx
Hoja: MAR
Fila: 487
Error: Establecimiento no encontrado: HOSPITAL DE BARRANCA


[2026-05-14T17:14:21.816Z]
Archivo: MAMOGRAFIA 2026.xlsx
Hoja: MAR
Fila: 488
Error: Establecimiento no encontrado: HOSPITAL DE BARRANCA


[2026-05-14T17:14:21.816Z]
Archivo: MAMOGRAFIA 2026.xlsx
Hoja: MAR
Fila: 489
Error: Establecimiento no encontrado: HOSPITAL DE BARRANCA


[2026-05-14T17:14:21.816Z]
Archivo: MAMOGRAFIA 2026.xlsx
Hoja: MAR
Fila: 490
Error: Establecimiento no encontrado: HOSPITAL DE BARRANCA


[2026-05-14T17:14:22.510Z]
Archivo: MAMOGRAFIA 2026.xlsx
Hoja: MAR
Fila: 544
Error: Establecimiento no encontrado: C.S LAURIAMA


[2026-05-14T17:14:22.513Z]
Archivo: MAMOGRAFIA 2026.xlsx
Hoja: MAR
Fila: 572
Error: Establecimiento no encontrado: C.S LAURIAMA


[2026-05-14T17:14:22.513Z]
Archivo: MAMOGRAFIA 2026.xlsx
Hoja: MAR
Fila: 573
Error: Establecimiento no encontrado: C.S LAURIAMA


[2026-05-14T17:14:22.513Z]
Archivo: MAMOGRAFIA 2026.xlsx
Hoja: MAR
Fila: 574
Error: Establecimiento no encontrado: PS. HUAYTO


[2026-05-14T17:14:22.514Z]
Archivo: MAMOGRAFIA 2026.xlsx
Hoja: MAR
Fila: 578
Error: Establecimiento no encontrado: C.S LAURIAMA


[2026-05-14T17:14:22.514Z]
Archivo: MAMOGRAFIA 2026.xlsx
Hoja: MAR
Fila: 579
Error: Establecimiento no encontrado: C.S PARAMONGA


[2026-05-14T17:14:22.514Z]
Archivo: MAMOGRAFIA 2026.xlsx
Hoja: MAR
Fila: 582
Error: Establecimiento no encontrado: C.S LAURIAMA


[2026-05-14T17:14:22.514Z]
Archivo: MAMOGRAFIA 2026.xlsx
Hoja: MAR
Fila: 584
Error: Establecimiento no encontrado: C.S LAURIAMA


[2026-05-14T17:14:22.514Z]
Archivo: MAMOGRAFIA 2026.xlsx
Hoja: MAR
Fila: 586
Error: Establecimiento no encontrado: C.S LAURIAMA


[2026-05-14T17:14:22.515Z]
Archivo: MAMOGRAFIA 2026.xlsx
Hoja: MAR
Fila: 588
Error: Establecimiento no encontrado: C.S LAURIAMA


[2026-05-14T17:14:22.515Z]
Archivo: MAMOGRAFIA 2026.xlsx
Hoja: MAR
Fila: 589
Error: Establecimiento no encontrado: C.S LAURIAMA


[2026-05-14T17:14:22.515Z]
Archivo: MAMOGRAFIA 2026.xlsx
Hoja: MAR
Fila: 591
Error: Establecimiento no encontrado: C.S LAURIAMA


[2026-05-14T17:14:22.515Z]
Archivo: MAMOGRAFIA 2026.xlsx
Hoja: MAR
Fila: 593
Error: Establecimiento no encontrado: HOSPITAL DE BARRANCA


[2026-05-14T17:14:22.515Z]
Archivo: MAMOGRAFIA 2026.xlsx
Hoja: MAR
Fila: 594
Error: Establecimiento no encontrado: HOSPITAL DE BARRANCA


[2026-05-14T17:14:22.515Z]
Archivo: MAMOGRAFIA 2026.xlsx
Hoja: MAR
Fila: 595
Error: Establecimiento no encontrado: HOSPITAL DE BARRANCA


[2026-05-14T17:14:22.516Z]
Archivo: MAMOGRAFIA 2026.xlsx
Hoja: MAR
Fila: 597
Error: Establecimiento no encontrado: C.S LAURIAMA


[2026-05-14T17:14:22.516Z]
Archivo: MAMOGRAFIA 2026.xlsx
Hoja: MAR
Fila: 598
Error: Establecimiento no encontrado: C.S LAURIAMA


[2026-05-14T17:14:22.516Z]
Archivo: MAMOGRAFIA 2026.xlsx
Hoja: MAR
Fila: 602
Error: Establecimiento no encontrado: C.S LAURIAMA


[2026-05-14T17:14:22.511Z]
Archivo: MAMOGRAFIA 2026.xlsx
Hoja: MAR
Fila: 556
Error: Establecimiento no encontrado: C.S LAURIAMA


[2026-05-14T17:14:22.512Z]
Archivo: MAMOGRAFIA 2026.xlsx
Hoja: MAR
Fila: 561
Error: Establecimiento no encontrado: HOSPITAL DE BARRANCA


[2026-05-14T17:14:22.512Z]
Archivo: MAMOGRAFIA 2026.xlsx
Hoja: MAR
Fila: 564
Error: Establecimiento no encontrado: HOSPITAL DE BARRANCA


[2026-05-14T17:14:23.131Z]
Archivo: MAMOGRAFIA 2026.xlsx
Hoja: ABR
Fila: 35
Error: Establecimiento no encontrado: C. S PAMPA LIBRE


[2026-05-14T17:14:23.134Z]
Archivo: MAMOGRAFIA 2026.xlsx
Hoja: ABR
Fila: 78
Error: Establecimiento no encontrado: C.S LAURIAMA


[2026-05-14T17:14:23.135Z]
Archivo: MAMOGRAFIA 2026.xlsx
Hoja: ABR
Fila: 92
Error: Establecimiento no encontrado: C.S LAURIAMA


[2026-05-14T17:14:23.135Z]
Archivo: MAMOGRAFIA 2026.xlsx
Hoja: ABR
Fila: 93
Error: Establecimiento no encontrado: HOSP DE SUPE


[2026-05-14T17:14:23.135Z]
Archivo: MAMOGRAFIA 2026.xlsx
Hoja: ABR
Fila: 95
Error: Establecimiento no encontrado: C.S LAURIAMA


[2026-05-14T17:14:23.135Z]
Archivo: MAMOGRAFIA 2026.xlsx
Hoja: ABR
Fila: 96
Error: Establecimiento no encontrado: C.S LAURIAMA


[2026-05-14T17:14:23.135Z]
Archivo: MAMOGRAFIA 2026.xlsx
Hoja: ABR
Fila: 97
Error: Establecimiento no encontrado: C.S LAURIAMA


[2026-05-14T17:14:23.809Z]
Archivo: MAMOGRAFIA 2026.xlsx
Hoja: ABR
Fila: 163
Error: Establecimiento no encontrado: P.S PAMPA SAN ALEJO


[2026-05-14T17:14:23.809Z]
Archivo: MAMOGRAFIA 2026.xlsx
Hoja: ABR
Fila: 164
Error: Establecimiento no encontrado: C.S LAURIAMA


[2026-05-14T17:14:23.816Z]
Archivo: MAMOGRAFIA 2026.xlsx
Hoja: ABR
Fila: 165
Error: Establecimiento no encontrado: C.S LAURIAMA


[2026-05-14T17:14:23.817Z]
Archivo: MAMOGRAFIA 2026.xlsx
Hoja: ABR
Fila: 167
Error: Establecimiento no encontrado: C.S LAURIAMA


[2026-05-14T17:14:23.817Z]
Archivo: MAMOGRAFIA 2026.xlsx
Hoja: ABR
Fila: 168
Error: Establecimiento no encontrado: C.S LAURIAMA


[2026-05-14T17:14:23.817Z]
Archivo: MAMOGRAFIA 2026.xlsx
Hoja: ABR
Fila: 172
Error: Establecimiento no encontrado: C.S LAURIAMA


[2026-05-14T17:14:23.817Z]
Archivo: MAMOGRAFIA 2026.xlsx
Hoja: ABR
Fila: 175
Error: Establecimiento no encontrado: C.S LAURIAMA


[2026-05-14T17:14:23.817Z]
Archivo: MAMOGRAFIA 2026.xlsx
Hoja: ABR
Fila: 189
Error: Establecimiento no encontrado: P.S. CONTIGO PERU


[2026-05-14T17:14:23.818Z]
Archivo: MAMOGRAFIA 2026.xlsx
Hoja: ABR
Fila: 217
Error: Establecimiento no encontrado: C.S LAURIAMA


[2026-05-14T17:14:23.818Z]
Archivo: MAMOGRAFIA 2026.xlsx
Hoja: ABR
Fila: 218
Error: Establecimiento no encontrado: C.S LAURIAMA


[2026-05-14T17:14:23.818Z]
Archivo: MAMOGRAFIA 2026.xlsx
Hoja: ABR
Fila: 219
Error: Establecimiento no encontrado: C.S LAURIAMA


[2026-05-14T17:14:23.818Z]
Archivo: MAMOGRAFIA 2026.xlsx
Hoja: ABR
Fila: 223
Error: Establecimiento no encontrado: C.S LAURIAMA


[2026-05-14T17:14:23.818Z]
Archivo: MAMOGRAFIA 2026.xlsx
Hoja: ABR
Fila: 224
Error: Establecimiento no encontrado: C.S LAURIAMA


[2026-05-14T17:14:23.818Z]
Archivo: MAMOGRAFIA 2026.xlsx
Hoja: ABR
Fila: 226
Error: Establecimiento no encontrado: C.S LAURIAMA


[2026-05-14T17:14:23.818Z]
Archivo: MAMOGRAFIA 2026.xlsx
Hoja: ABR
Fila: 227
Error: Establecimiento no encontrado: C.S LAURIAMA


[2026-05-14T17:14:23.818Z]
Archivo: MAMOGRAFIA 2026.xlsx
Hoja: ABR
Fila: 228
Error: Establecimiento no encontrado: C.S LAURIAMA


[2026-05-14T17:14:23.818Z]
Archivo: MAMOGRAFIA 2026.xlsx
Hoja: ABR
Fila: 234
Error: Establecimiento no encontrado: P.S. CONTIGO PERU


[2026-05-14T17:14:23.819Z]
Archivo: MAMOGRAFIA 2026.xlsx
Hoja: ABR
Fila: 244
Error: Establecimiento no encontrado: C.S. PUERTO SUPE


[2026-05-14T17:14:23.819Z]
Archivo: MAMOGRAFIA 2026.xlsx
Hoja: ABR
Fila: 246
Error: Establecimiento no encontrado: C.S. PUERTO SUPE


[2026-05-14T17:14:23.819Z]
Archivo: MAMOGRAFIA 2026.xlsx
Hoja: ABR
Fila: 247
Error: Establecimiento no encontrado: C.S. PUERTO SUPE


[2026-05-14T17:14:23.819Z]
Archivo: MAMOGRAFIA 2026.xlsx
Hoja: ABR
Fila: 250
Error: Establecimiento no encontrado: C.S. PUERTO SUPE


[2026-05-14T17:14:24.501Z]
Archivo: MAMOGRAFIA 2026.xlsx
Hoja: ABR
Fila: 255
Error: Establecimiento no encontrado: C.S. PUERTO SUPE


[2026-05-14T17:14:24.501Z]
Archivo: MAMOGRAFIA 2026.xlsx
Hoja: ABR
Fila: 273
Error: Establecimiento no encontrado: C.S LAURIAMA


[2026-05-14T17:14:24.501Z]
Archivo: MAMOGRAFIA 2026.xlsx
Hoja: ABR
Fila: 278
Error: Establecimiento no encontrado: C.S LAURIAMA


[2026-05-14T17:14:24.501Z]
Archivo: MAMOGRAFIA 2026.xlsx
Hoja: ABR
Fila: 279
Error: Establecimiento no encontrado: C.S LAURIAMA


[2026-05-14T17:14:24.502Z]
Archivo: MAMOGRAFIA 2026.xlsx
Hoja: ABR
Fila: 280
Error: Establecimiento no encontrado: C.S LAURIAMA


[2026-05-14T17:14:24.502Z]
Archivo: MAMOGRAFIA 2026.xlsx
Hoja: ABR
Fila: 281
Error: Establecimiento no encontrado: C.S LAURIAMA


[2026-05-14T17:14:24.502Z]
Archivo: MAMOGRAFIA 2026.xlsx
Hoja: ABR
Fila: 284
Error: Establecimiento no encontrado: C.S LAURIAMA


[2026-05-14T17:14:24.502Z]
Archivo: MAMOGRAFIA 2026.xlsx
Hoja: ABR
Fila: 285
Error: Establecimiento no encontrado: C.S LAURIAMA


[2026-05-14T17:14:24.503Z]
Archivo: MAMOGRAFIA 2026.xlsx
Hoja: ABR
Fila: 318
Error: Establecimiento no encontrado: C.S LAURIAMA


[2026-05-14T17:14:24.503Z]
Archivo: MAMOGRAFIA 2026.xlsx
Hoja: ABR
Fila: 328
Error: Establecimiento no encontrado: C.S LAURIAMA


[2026-05-14T17:14:24.504Z]
Archivo: MAMOGRAFIA 2026.xlsx
Hoja: ABR
Fila: 349
Error: Establecimiento no encontrado: C.S. PUERTO SUPE


[2026-05-14T17:14:24.504Z]
Archivo: MAMOGRAFIA 2026.xlsx
Hoja: ABR
Fila: 350
Error: Establecimiento no encontrado: C.S. PUERTO SUPE


[2026-05-14T17:14:24.504Z]
Archivo: MAMOGRAFIA 2026.xlsx
Hoja: ABR
Fila: 351
Error: Establecimiento no encontrado: C.S LAURIAMA


[2026-05-14T17:14:24.505Z]
Archivo: MAMOGRAFIA 2026.xlsx
Hoja: ABR
Fila: 352
Error: Establecimiento no encontrado: C.S LAURIAMA


[2026-05-14T17:14:24.505Z]
Archivo: MAMOGRAFIA 2026.xlsx
Hoja: ABR
Fila: 353
Error: Establecimiento no encontrado: C.S LAURIAMA


[2026-05-14T17:14:24.506Z]
Archivo: MAMOGRAFIA 2026.xlsx
Hoja: ABR
Fila: 355
Error: Establecimiento no encontrado: C.S LAURIAMA


[2026-05-14T17:14:24.506Z]
Archivo: MAMOGRAFIA 2026.xlsx
Hoja: ABR
Fila: 356
Error: Establecimiento no encontrado: C.S. PUERTO SUPE


[2026-05-14T17:14:24.506Z]
Archivo: MAMOGRAFIA 2026.xlsx
Hoja: ABR
Fila: 357
Error: Establecimiento no encontrado: C.S. PUERTO SUPE


[2026-05-14T17:14:24.506Z]
Archivo: MAMOGRAFIA 2026.xlsx
Hoja: ABR
Fila: 358
Error: Establecimiento no encontrado: C.S LAURIAMA


[2026-05-14T17:14:24.506Z]
Archivo: MAMOGRAFIA 2026.xlsx
Hoja: ABR
Fila: 361
Error: Establecimiento no encontrado: C.S. PUERTO SUPE


[2026-05-14T17:14:24.506Z]
Archivo: MAMOGRAFIA 2026.xlsx
Hoja: ABR
Fila: 366
Error: Establecimiento no encontrado: PS PAMPA LIBRE


[2026-05-14T17:14:25.386Z]
Archivo: MAMOGRAFIA 2026.xlsx
Hoja: MAY
Fila: 4
Error: Establecimiento no encontrado: C.S. PUERTO SUPE


[2026-05-14T17:14:25.386Z]
Archivo: MAMOGRAFIA 2026.xlsx
Hoja: MAY
Fila: 23
Error: Establecimiento no encontrado: C.S LAURIAMA


[2026-05-14T17:43:59.803Z]
Archivo: MAMOGRAFIA 2026.xlsx
Hoja: MAR
Fila: 131
Error: DNI inválido: null (original: 249794)


[2026-05-14T17:44:00.980Z]
Archivo: MAMOGRAFIA 2026.xlsx
Hoja: MAR
Fila: 312
Error: Establecimiento vacío


[2026-05-14T17:44:00.981Z]
Archivo: MAMOGRAFIA 2026.xlsx
Hoja: MAR
Fila: 315
Error: Establecimiento vacío


[2026-05-14T17:44:00.981Z]
Archivo: MAMOGRAFIA 2026.xlsx
Hoja: MAR
Fila: 316
Error: Establecimiento vacío


[2026-05-14T17:44:00.981Z]
Archivo: MAMOGRAFIA 2026.xlsx
Hoja: MAR
Fila: 324
Error: Establecimiento vacío


[2026-05-14T17:44:00.981Z]
Archivo: MAMOGRAFIA 2026.xlsx
Hoja: MAR
Fila: 326
Error: Establecimiento vacío


[2026-05-14T17:44:00.982Z]
Archivo: MAMOGRAFIA 2026.xlsx
Hoja: MAR
Fila: 328 
Error: Establecimiento vacío

